// Vitest Snapshot v1, https://vitest.dev/guide/snapshot.html

exports[`registryResolveItemTree > should resolve index 1`] = `
{
  "cssVars": {
    "dark": {},
    "light": {
      "radius": "0.5rem",
    },
  },
  "dependencies": [
    "tailwindcss-animate",
    "class-variance-authority",
    "lucide-react",
    "clsx",
    "tailwind-merge",
    "@radix-ui/react-label",
  ],
  "devDependencies": [],
  "docs": "",
  "files": [
    {
      "content": "import { clsx, type ClassValue } from "clsx"
import { twMerge } from "tailwind-merge"

export function cn(...inputs: ClassValue[]) {
  return twMerge(clsx(inputs))
}
",
      "path": "lib/utils.ts",
      "target": "",
      "type": "registry:lib",
    },
    {
      "content": ""use client"

import * as React from "react"
import * as LabelPrimitive from "@radix-ui/react-label"
import { cva, type VariantProps } from "class-variance-authority"

import { cn } from "@/lib/utils"

const labelVariants = cva(
  "text-sm font-medium leading-none peer-disabled:cursor-not-allowed peer-disabled:opacity-70"
)

const Label = React.forwardRef<
  React.ElementRef<typeof LabelPrimitive.Root>,
  React.ComponentPropsWithoutRef<typeof LabelPrimitive.Root> &
    VariantProps<typeof labelVariants>
>(({ className, ...props }, ref) => (
  <LabelPrimitive.Root
    ref={ref}
    className={cn(labelVariants(), className)}
    {...props}
  />
))
Label.displayName = LabelPrimitive.Root.displayName

export { Label }
",
      "path": "ui/label.tsx",
      "target": "",
      "type": "registry:ui",
    },
  ],
  "tailwind": {
    "config": {
      "plugins": [
        "require("tailwindcss-animate")",
      ],
      "theme": {
        "extend": {
          "borderRadius": {
            "lg": "var(--radius)",
            "md": "calc(var(--radius) - 2px)",
            "sm": "calc(var(--radius) - 4px)",
          },
          "colors": {},
        },
      },
    },
  },
}
`;

exports[`registryResolveItemTree > should resolve items tree 1`] = `
{
  "cssVars": {},
  "dependencies": [
    "@radix-ui/react-slot",
  ],
  "devDependencies": [],
  "docs": "",
  "files": [
    {
      "content": "import * as React from "react"
import { Slot } from "@radix-ui/react-slot"
import { cva, type VariantProps } from "class-variance-authority"

import { cn } from "@/lib/utils"

const buttonVariants = cva(
  "inline-flex items-center justify-center gap-2 whitespace-nowrap rounded-md text-sm font-medium transition-colors focus-visible:outline-none focus-visible:ring-1 focus-visible:ring-ring disabled:pointer-events-none disabled:opacity-50 [&_svg]:pointer-events-none [&_svg]:size-4 [&_svg]:shrink-0",
  {
    variants: {
      variant: {
        default:
          "bg-primary text-primary-foreground shadow hover:bg-primary/90",
        destructive:
          "bg-destructive text-destructive-foreground shadow-sm hover:bg-destructive/90",
        outline:
          "border border-input bg-background shadow-sm hover:bg-accent hover:text-accent-foreground",
        secondary:
          "bg-secondary text-secondary-foreground shadow-sm hover:bg-secondary/80",
        ghost: "hover:bg-accent hover:text-accent-foreground",
        link: "text-primary underline-offset-4 hover:underline",
      },
      size: {
        default: "h-9 px-4 py-2",
        sm: "h-8 rounded-md px-3 text-xs",
        lg: "h-10 rounded-md px-8",
        icon: "h-9 w-9",
      },
    },
    defaultVariants: {
      variant: "default",
      size: "default",
    },
  }
)

export interface ButtonProps
  extends React.ButtonHTMLAttributes<HTMLButtonElement>,
    VariantProps<typeof buttonVariants> {
  asChild?: boolean
}

const Button = React.forwardRef<HTMLButtonElement, ButtonProps>(
  ({ className, variant, size, asChild = false, ...props }, ref) => {
    const Comp = asChild ? Slot : "button"
    return (
      <Comp
        className={cn(buttonVariants({ variant, size, className }))}
        ref={ref}
        {...props}
      />
    )
  }
)
Button.displayName = "Button"

export { Button, buttonVariants }
",
      "path": "ui/button.tsx",
      "target": "",
      "type": "registry:ui",
    },
  ],
  "tailwind": {},
}
`;

exports[`registryResolveItemTree > should resolve multiple items tree 1`] = `
{
  "cssVars": {},
  "dependencies": [
    "@radix-ui/react-slot",
    "cmdk@1.0.0",
    "@radix-ui/react-dialog",
  ],
  "devDependencies": [],
  "docs": "",
  "files": [
    {
      "content": "import * as React from "react"
import { Slot } from "@radix-ui/react-slot"
import { cva, type VariantProps } from "class-variance-authority"

import { cn } from "@/lib/utils"

const buttonVariants = cva(
  "inline-flex items-center justify-center gap-2 whitespace-nowrap rounded-md text-sm font-medium ring-offset-background transition-colors focus-visible:outline-none focus-visible:ring-2 focus-visible:ring-ring focus-visible:ring-offset-2 disabled:pointer-events-none disabled:opacity-50 [&_svg]:pointer-events-none [&_svg]:size-4 [&_svg]:shrink-0",
  {
    variants: {
      variant: {
        default: "bg-primary text-primary-foreground hover:bg-primary/90",
        destructive:
          "bg-destructive text-destructive-foreground hover:bg-destructive/90",
        outline:
          "border border-input bg-background hover:bg-accent hover:text-accent-foreground",
        secondary:
          "bg-secondary text-secondary-foreground hover:bg-secondary/80",
        ghost: "hover:bg-accent hover:text-accent-foreground",
        link: "text-primary underline-offset-4 hover:underline",
      },
      size: {
        default: "h-10 px-4 py-2",
        sm: "h-9 rounded-md px-3",
        lg: "h-11 rounded-md px-8",
        icon: "h-10 w-10",
      },
    },
    defaultVariants: {
      variant: "default",
      size: "default",
    },
  }
)

export interface ButtonProps
  extends React.ButtonHTMLAttributes<HTMLButtonElement>,
    VariantProps<typeof buttonVariants> {
  asChild?: boolean
}

const Button = React.forwardRef<HTMLButtonElement, ButtonProps>(
  ({ className, variant, size, asChild = false, ...props }, ref) => {
    const Comp = asChild ? Slot : "button"
    return (
      <Comp
        className={cn(buttonVariants({ variant, size, className }))}
        ref={ref}
        {...props}
      />
    )
  }
)
Button.displayName = "Button"

export { Button, buttonVariants }
",
      "path": "ui/button.tsx",
      "target": "",
      "type": "registry:ui",
    },
    {
      "content": "import * as React from "react"

import { cn } from "@/lib/utils"

const Input = React.forwardRef<HTMLInputElement, React.ComponentProps<"input">>(
  ({ className, type, ...props }, ref) => {
    return (
      <input
        type={type}
        className={cn(
          "flex h-10 w-full rounded-md border border-input bg-background px-3 py-2 text-base ring-offset-background file:border-0 file:bg-transparent file:text-sm file:font-medium file:text-foreground placeholder:text-muted-foreground focus-visible:outline-none focus-visible:ring-2 focus-visible:ring-ring focus-visible:ring-offset-2 disabled:cursor-not-allowed disabled:opacity-50 md:text-sm",
          className
        )}
        ref={ref}
        {...props}
      />
    )
  }
)
Input.displayName = "Input"

export { Input }
",
      "path": "ui/input.tsx",
      "target": "",
      "type": "registry:ui",
    },
    {
      "content": ""use client"

import * as React from "react"
import { type DialogProps } from "@radix-ui/react-dialog"
import { Command as CommandPrimitive } from "cmdk"
import { Search } from "lucide-react"

import { cn } from "@/lib/utils"
import { Dialog, DialogContent } from "@/registry/default/ui/dialog"

const Command = React.forwardRef<
  React.ElementRef<typeof CommandPrimitive>,
  React.ComponentPropsWithoutRef<typeof CommandPrimitive>
>(({ className, ...props }, ref) => (
  <CommandPrimitive
    ref={ref}
    className={cn(
      "flex h-full w-full flex-col overflow-hidden rounded-md bg-popover text-popover-foreground",
      className
    )}
    {...props}
  />
))
Command.displayName = CommandPrimitive.displayName

const CommandDialog = ({ children, ...props }: DialogProps) => {
  return (
    <Dialog {...props}>
      <DialogContent className="overflow-hidden p-0 shadow-lg">
        <Command className="[&_[cmdk-group-heading]]:px-2 [&_[cmdk-group-heading]]:font-medium [&_[cmdk-group-heading]]:text-muted-foreground [&_[cmdk-group]:not([hidden])_~[cmdk-group]]:pt-0 [&_[cmdk-group]]:px-2 [&_[cmdk-input-wrapper]_svg]:h-5 [&_[cmdk-input-wrapper]_svg]:w-5 [&_[cmdk-input]]:h-12 [&_[cmdk-item]]:px-2 [&_[cmdk-item]]:py-3 [&_[cmdk-item]_svg]:h-5 [&_[cmdk-item]_svg]:w-5">
          {children}
        </Command>
      </DialogContent>
    </Dialog>
  )
}

const CommandInput = React.forwardRef<
  React.ElementRef<typeof CommandPrimitive.Input>,
  React.ComponentPropsWithoutRef<typeof CommandPrimitive.Input>
>(({ className, ...props }, ref) => (
  <div className="flex items-center border-b px-3" cmdk-input-wrapper="">
    <Search className="mr-2 h-4 w-4 shrink-0 opacity-50" />
    <CommandPrimitive.Input
      ref={ref}
      className={cn(
        "flex h-11 w-full rounded-md bg-transparent py-3 text-sm outline-none placeholder:text-muted-foreground disabled:cursor-not-allowed disabled:opacity-50",
        className
      )}
      {...props}
    />
  </div>
))

CommandInput.displayName = CommandPrimitive.Input.displayName

const CommandList = React.forwardRef<
  React.ElementRef<typeof CommandPrimitive.List>,
  React.ComponentPropsWithoutRef<typeof CommandPrimitive.List>
>(({ className, ...props }, ref) => (
  <CommandPrimitive.List
    ref={ref}
    className={cn("max-h-[300px] overflow-y-auto overflow-x-hidden", className)}
    {...props}
  />
))

CommandList.displayName = CommandPrimitive.List.displayName

const CommandEmpty = React.forwardRef<
  React.ElementRef<typeof CommandPrimitive.Empty>,
  React.ComponentPropsWithoutRef<typeof CommandPrimitive.Empty>
>((props, ref) => (
  <CommandPrimitive.Empty
    ref={ref}
    className="py-6 text-center text-sm"
    {...props}
  />
))

CommandEmpty.displayName = CommandPrimitive.Empty.displayName

const CommandGroup = React.forwardRef<
  React.ElementRef<typeof CommandPrimitive.Group>,
  React.ComponentPropsWithoutRef<typeof CommandPrimitive.Group>
>(({ className, ...props }, ref) => (
  <CommandPrimitive.Group
    ref={ref}
    className={cn(
      "overflow-hidden p-1 text-foreground [&_[cmdk-group-heading]]:px-2 [&_[cmdk-group-heading]]:py-1.5 [&_[cmdk-group-heading]]:text-xs [&_[cmdk-group-heading]]:font-medium [&_[cmdk-group-heading]]:text-muted-foreground",
      className
    )}
    {...props}
  />
))

CommandGroup.displayName = CommandPrimitive.Group.displayName

const CommandSeparator = React.forwardRef<
  React.ElementRef<typeof CommandPrimitive.Separator>,
  React.ComponentPropsWithoutRef<typeof CommandPrimitive.Separator>
>(({ className, ...props }, ref) => (
  <CommandPrimitive.Separator
    ref={ref}
    className={cn("-mx-1 h-px bg-border", className)}
    {...props}
  />
))
CommandSeparator.displayName = CommandPrimitive.Separator.displayName

const CommandItem = React.forwardRef<
  React.ElementRef<typeof CommandPrimitive.Item>,
  React.ComponentPropsWithoutRef<typeof CommandPrimitive.Item>
>(({ className, ...props }, ref) => (
  <CommandPrimitive.Item
    ref={ref}
    className={cn(
      "relative flex cursor-default gap-2 select-none items-center rounded-sm px-2 py-1.5 text-sm outline-none data-[disabled=true]:pointer-events-none data-[selected='true']:bg-accent data-[selected=true]:text-accent-foreground data-[disabled=true]:opacity-50 [&_svg]:pointer-events-none [&_svg]:size-4 [&_svg]:shrink-0",
      className
    )}
    {...props}
  />
))

CommandItem.displayName = CommandPrimitive.Item.displayName

const CommandShortcut = ({
  className,
  ...props
}: React.HTMLAttributes<HTMLSpanElement>) => {
  return (
    <span
      className={cn(
        "ml-auto text-xs tracking-widest text-muted-foreground",
        className
      )}
      {...props}
    />
  )
}
CommandShortcut.displayName = "CommandShortcut"

export {
  Command,
  CommandDialog,
  CommandInput,
  CommandList,
  CommandEmpty,
  CommandGroup,
  CommandItem,
  CommandShortcut,
  CommandSeparator,
}
",
      "path": "ui/command.tsx",
      "target": "",
      "type": "registry:ui",
    },
    {
      "content": ""use client"

import * as React from "react"
import * as DialogPrimitive from "@radix-ui/react-dialog"
import { X } from "lucide-react"

import { cn } from "@/lib/utils"

const Dialog = DialogPrimitive.Root

const DialogTrigger = DialogPrimitive.Trigger

const DialogPortal = DialogPrimitive.Portal

const DialogClose = DialogPrimitive.Close

const DialogOverlay = React.forwardRef<
  React.ElementRef<typeof DialogPrimitive.Overlay>,
  React.ComponentPropsWithoutRef<typeof DialogPrimitive.Overlay>
>(({ className, ...props }, ref) => (
  <DialogPrimitive.Overlay
    ref={ref}
    className={cn(
      "fixed inset-0 z-50 bg-black/80 data-[state=open]:animate-in data-[state=closed]:animate-out data-[state=closed]:fade-out-0 data-[state=open]:fade-in-0",
      className
    )}
    {...props}
  />
))
DialogOverlay.displayName = DialogPrimitive.Overlay.displayName

const DialogContent = React.forwardRef<
  React.ElementRef<typeof DialogPrimitive.Content>,
  React.ComponentPropsWithoutRef<typeof DialogPrimitive.Content>
>(({ className, children, ...props }, ref) => (
  <DialogPortal>
    <DialogOverlay />
    <DialogPrimitive.Content
      ref={ref}
      className={cn(
        "fixed left-[50%] top-[50%] z-50 grid w-full max-w-lg translate-x-[-50%] translate-y-[-50%] gap-4 border bg-background p-6 shadow-lg duration-200 data-[state=open]:animate-in data-[state=closed]:animate-out data-[state=closed]:fade-out-0 data-[state=open]:fade-in-0 data-[state=closed]:zoom-out-95 data-[state=open]:zoom-in-95 data-[state=closed]:slide-out-to-left-1/2 data-[state=closed]:slide-out-to-top-[48%] data-[state=open]:slide-in-from-left-1/2 data-[state=open]:slide-in-from-top-[48%] sm:rounded-lg",
        className
      )}
      {...props}
    >
      {children}
      <DialogPrimitive.Close className="absolute right-4 top-4 rounded-sm opacity-70 ring-offset-background transition-opacity hover:opacity-100 focus:outline-none focus:ring-2 focus:ring-ring focus:ring-offset-2 disabled:pointer-events-none data-[state=open]:bg-accent data-[state=open]:text-muted-foreground">
        <X className="h-4 w-4" />
        <span className="sr-only">Close</span>
      </DialogPrimitive.Close>
    </DialogPrimitive.Content>
  </DialogPortal>
))
DialogContent.displayName = DialogPrimitive.Content.displayName

const DialogHeader = ({
  className,
  ...props
}: React.HTMLAttributes<HTMLDivElement>) => (
  <div
    className={cn(
      "flex flex-col space-y-1.5 text-center sm:text-left",
      className
    )}
    {...props}
  />
)
DialogHeader.displayName = "DialogHeader"

const DialogFooter = ({
  className,
  ...props
}: React.HTMLAttributes<HTMLDivElement>) => (
  <div
    className={cn(
      "flex flex-col-reverse sm:flex-row sm:justify-end sm:space-x-2",
      className
    )}
    {...props}
  />
)
DialogFooter.displayName = "DialogFooter"

const DialogTitle = React.forwardRef<
  React.ElementRef<typeof DialogPrimitive.Title>,
  React.ComponentPropsWithoutRef<typeof DialogPrimitive.Title>
>(({ className, ...props }, ref) => (
  <DialogPrimitive.Title
    ref={ref}
    className={cn(
      "text-lg font-semibold leading-none tracking-tight",
      className
    )}
    {...props}
  />
))
DialogTitle.displayName = DialogPrimitive.Title.displayName

const DialogDescription = React.forwardRef<
  React.ElementRef<typeof DialogPrimitive.Description>,
  React.ComponentPropsWithoutRef<typeof DialogPrimitive.Description>
>(({ className, ...props }, ref) => (
  <DialogPrimitive.Description
    ref={ref}
    className={cn("text-sm text-muted-foreground", className)}
    {...props}
  />
))
DialogDescription.displayName = DialogPrimitive.Description.displayName

export {
  Dialog,
  DialogPortal,
  DialogOverlay,
  DialogClose,
  DialogTrigger,
  DialogContent,
  DialogHeader,
  DialogFooter,
  DialogTitle,
  DialogDescription,
}
",
      "path": "ui/dialog.tsx",
      "target": "",
      "type": "registry:ui",
    },
  ],
  "tailwind": {},
}
`;
